Archive member included because of file (symbol)

c:/program files (x86)/atmel/atmel toolchain/avr8 gcc/native/3.4.1061/avr8-gnu-toolchain/bin/../lib/gcc/avr/4.8.1/../../../../avr/lib/avr5\libm.a(addsf3.o)
                              oled.o (__subsf3)
c:/program files (x86)/atmel/atmel toolchain/avr8 gcc/native/3.4.1061/avr8-gnu-toolchain/bin/../lib/gcc/avr/4.8.1/../../../../avr/lib/avr5\libm.a(addsf3x.o)
                              c:/program files (x86)/atmel/atmel toolchain/avr8 gcc/native/3.4.1061/avr8-gnu-toolchain/bin/../lib/gcc/avr/4.8.1/../../../../avr/lib/avr5\libm.a(addsf3.o) (__addsf3x)
c:/program files (x86)/atmel/atmel toolchain/avr8 gcc/native/3.4.1061/avr8-gnu-toolchain/bin/../lib/gcc/avr/4.8.1/../../../../avr/lib/avr5\libm.a(cmpsf2.o)
                              oled.o (__ltsf2)
c:/program files (x86)/atmel/atmel toolchain/avr8 gcc/native/3.4.1061/avr8-gnu-toolchain/bin/../lib/gcc/avr/4.8.1/../../../../avr/lib/avr5\libm.a(divsf3.o)
                              input_conversion.o (__divsf3)
c:/program files (x86)/atmel/atmel toolchain/avr8 gcc/native/3.4.1061/avr8-gnu-toolchain/bin/../lib/gcc/avr/4.8.1/../../../../avr/lib/avr5\libm.a(divsf3x.o)
                              c:/program files (x86)/atmel/atmel toolchain/avr8 gcc/native/3.4.1061/avr8-gnu-toolchain/bin/../lib/gcc/avr/4.8.1/../../../../avr/lib/avr5\libm.a(divsf3.o) (__divsf3x)
c:/program files (x86)/atmel/atmel toolchain/avr8 gcc/native/3.4.1061/avr8-gnu-toolchain/bin/../lib/gcc/avr/4.8.1/../../../../avr/lib/avr5\libm.a(fixsfsi.o)
                              input_conversion.o (__fixsfsi)
c:/program files (x86)/atmel/atmel toolchain/avr8 gcc/native/3.4.1061/avr8-gnu-toolchain/bin/../lib/gcc/avr/4.8.1/../../../../avr/lib/avr5\libm.a(fixunssfsi.o)
                              c:/program files (x86)/atmel/atmel toolchain/avr8 gcc/native/3.4.1061/avr8-gnu-toolchain/bin/../lib/gcc/avr/4.8.1/../../../../avr/lib/avr5\libm.a(fixsfsi.o) (__fixunssfsi)
c:/program files (x86)/atmel/atmel toolchain/avr8 gcc/native/3.4.1061/avr8-gnu-toolchain/bin/../lib/gcc/avr/4.8.1/../../../../avr/lib/avr5\libm.a(floatsisf.o)
                              input_conversion.o (__floatsisf)
c:/program files (x86)/atmel/atmel toolchain/avr8 gcc/native/3.4.1061/avr8-gnu-toolchain/bin/../lib/gcc/avr/4.8.1/../../../../avr/lib/avr5\libm.a(fp_cmp.o)
                              c:/program files (x86)/atmel/atmel toolchain/avr8 gcc/native/3.4.1061/avr8-gnu-toolchain/bin/../lib/gcc/avr/4.8.1/../../../../avr/lib/avr5\libm.a(cmpsf2.o) (__fp_cmp)
c:/program files (x86)/atmel/atmel toolchain/avr8 gcc/native/3.4.1061/avr8-gnu-toolchain/bin/../lib/gcc/avr/4.8.1/../../../../avr/lib/avr5\libm.a(fp_inf.o)
                              c:/program files (x86)/atmel/atmel toolchain/avr8 gcc/native/3.4.1061/avr8-gnu-toolchain/bin/../lib/gcc/avr/4.8.1/../../../../avr/lib/avr5\libm.a(addsf3x.o) (__fp_inf)
c:/program files (x86)/atmel/atmel toolchain/avr8 gcc/native/3.4.1061/avr8-gnu-toolchain/bin/../lib/gcc/avr/4.8.1/../../../../avr/lib/avr5\libm.a(fp_nan.o)
                              c:/program files (x86)/atmel/atmel toolchain/avr8 gcc/native/3.4.1061/avr8-gnu-toolchain/bin/../lib/gcc/avr/4.8.1/../../../../avr/lib/avr5\libm.a(addsf3x.o) (__fp_nan)
c:/program files (x86)/atmel/atmel toolchain/avr8 gcc/native/3.4.1061/avr8-gnu-toolchain/bin/../lib/gcc/avr/4.8.1/../../../../avr/lib/avr5\libm.a(fp_pscA.o)
                              c:/program files (x86)/atmel/atmel toolchain/avr8 gcc/native/3.4.1061/avr8-gnu-toolchain/bin/../lib/gcc/avr/4.8.1/../../../../avr/lib/avr5\libm.a(addsf3x.o) (__fp_pscA)
c:/program files (x86)/atmel/atmel toolchain/avr8 gcc/native/3.4.1061/avr8-gnu-toolchain/bin/../lib/gcc/avr/4.8.1/../../../../avr/lib/avr5\libm.a(fp_pscB.o)
                              c:/program files (x86)/atmel/atmel toolchain/avr8 gcc/native/3.4.1061/avr8-gnu-toolchain/bin/../lib/gcc/avr/4.8.1/../../../../avr/lib/avr5\libm.a(addsf3x.o) (__fp_pscB)
c:/program files (x86)/atmel/atmel toolchain/avr8 gcc/native/3.4.1061/avr8-gnu-toolchain/bin/../lib/gcc/avr/4.8.1/../../../../avr/lib/avr5\libm.a(fp_round.o)
                              c:/program files (x86)/atmel/atmel toolchain/avr8 gcc/native/3.4.1061/avr8-gnu-toolchain/bin/../lib/gcc/avr/4.8.1/../../../../avr/lib/avr5\libm.a(addsf3.o) (__fp_round)
c:/program files (x86)/atmel/atmel toolchain/avr8 gcc/native/3.4.1061/avr8-gnu-toolchain/bin/../lib/gcc/avr/4.8.1/../../../../avr/lib/avr5\libm.a(fp_split3.o)
                              c:/program files (x86)/atmel/atmel toolchain/avr8 gcc/native/3.4.1061/avr8-gnu-toolchain/bin/../lib/gcc/avr/4.8.1/../../../../avr/lib/avr5\libm.a(addsf3x.o) (__fp_split3)
c:/program files (x86)/atmel/atmel toolchain/avr8 gcc/native/3.4.1061/avr8-gnu-toolchain/bin/../lib/gcc/avr/4.8.1/../../../../avr/lib/avr5\libm.a(fp_zero.o)
[...]
Memory Configuration

Name             Origin             Length             Attributes
text             0x00000000         0x00020000         xr
data             0x00800060         0x0000ffa0         rw !x
eeprom           0x00810000         0x00010000         rw !x
fuse             0x00820000         0x00000400         rw !x
lock             0x00830000         0x00000400         rw !x
signature        0x00840000         0x00000400         rw !x
user_signatures  0x00850000         0x00000400         rw !x
*default*        0x00000000         0xffffffff

Linker script and memory map

Address of section .data set to 0x800100
LOAD c:/program files (x86)/atmel/atmel toolchain/avr8 gcc/native/3.4.1061/avr8-gnu-toolchain/bin/../lib/gcc/avr/4.8.1/../../../../avr/lib/avr5/crtm162.o
LOAD adc.o
LOAD button_interrupts.o
LOAD input_conversion.o
LOAD i_o.o
LOAD main_G17.o
LOAD menu.o
LOAD oled.o
LOAD uart.o
START GROUP
LOAD c:/program files (x86)/atmel/atmel toolchain/avr8 gcc/native/3.4.1061/avr8-gnu-toolchain/bin/../lib/gcc/avr/4.8.1/../../../../avr/lib/avr5\libm.a
END GROUP
START GROUP
LOAD c:/program files (x86)/atmel/atmel toolchain/avr8 gcc/native/3.4.1061/avr8-gnu-toolchain/bin/../lib/gcc/avr/4.8.1/avr5\libgcc.a
LOAD c:/program files (x86)/atmel/atmel toolchain/avr8 gcc/native/3.4.1061/avr8-gnu-toolchain/bin/../lib/gcc/avr/4.8.1/../../../../avr/lib/avr5\libm.a
LOAD c:/program files (x86)/atmel/atmel toolchain/avr8 gcc/native/3.4.1061/avr8-gnu-toolchain/bin/../lib/gcc/avr/4.8.1/../../../../avr/lib/avr5\libc.a
END GROUP

.hash
 *(.hash)

.dynsym
 *(.dynsym)

.dynstr
 *(.dynstr)

.gnu.version
 *(.gnu.version)

.gnu.version_d
 *(.gnu.version_d)

.gnu.version_r
 *(.gnu.version_r)

.rel.init
 *(.rel.init)

.rela.init
 *(.rela.init)

.rel.text
 *(.rel.text)
 *(.rel.text.*)
 *(.rel.gnu.linkonce.t*)

.rela.text
 *(.rela.text)
 *(.rela.text.*)
 *(.rela.gnu.linkonce.t*)

.rel.fini
 *(.rel.fini)

.rela.fini
 *(.rela.fini)

.rel.rodata
 *(.rel.rodata)
 *(.rel.rodata.*)
 *(.rel.gnu.linkonce.r*)

.rela.rodata
 *(.rela.rodata)
 *(.rela.rodata.*)
 *(.rela.gnu.linkonce.r*)

.rel.data
 *(.rel.data)
 *(.rel.data.*)
 *(.rel.gnu.linkonce.d*)

.rela.data
 *(.rela.data)
 *(.rela.data.*)
 *(.rela.gnu.linkonce.d*)

.rel.ctors
 *(.rel.ctors)

.rela.ctors
 *(.rela.ctors)

.rel.dtors
 *(.rel.dtors)

.rela.dtors
 *(.rela.dtors)

.rel.got
 *(.rel.got)

.rela.got
 *(.rela.got)

.rel.bss
 *(.rel.bss)

.rela.bss
 *(.rela.bss)

.rel.plt
 *(.rel.plt)

.rela.plt
 *(.rela.plt)

.text           0x00000000     0x29ca
 *(.vectors)
 .vectors       0x00000000       0x70 c:/program files (x86)/atmel/atmel toolchain/avr8 gcc/native/3.4.1061/avr8-gnu-toolchain/bin/../lib/gcc/avr/4.8.1/../../../../avr/lib/avr5/crtm162.o
                0x00000000                __vector_default
                0x00000000                __vectors
 *(.vectors)
 *(.progmem.gcc*)
                0x00000070                . = ALIGN (0x2)
                0x00000070                __trampolines_start = .
 *(.trampolines)
 .trampolines   0x00000070        0x0 linker stubs
 *(.trampolines*)
                0x00000070                __trampolines_end = .
 *(.progmem*)
 .progmem.data.calibrate_direction_array
                0x00000070        0x8 menu.o
                0x00000070                calibrate_direction_array
 .progmem.data.calibrate_direction_3
                0x00000078        0x6 menu.o
                0x00000078                calibrate_direction_3
 .progmem.data.calibrate_direction_2
                0x0000007e        0x5 menu.o
                0x0000007e                calibrate_direction_2
 .progmem.data.calibrate_direction_1
                0x00000083        0x5 menu.o
                0x00000083                calibrate_direction_1
 .progmem.data.calibrate_direction_0
                0x00000088        0x3 menu.o
                0x00000088                calibrate_direction_0
 .progmem.data.calibrate_text_1
                0x0000008b        0xe menu.o
                0x0000008b                calibrate_text_1
 .progmem.data.calibrate_text_0
                0x00000099        0x7 menu.o
                0x00000099                calibrate_text_0
 .progmem.data.brightness_text_0
                0x000000a0       0x10 menu.o
                0x000000a0                brightness_text_0
 .progmem.data.btn_1
                0x000000b0        0x8 menu.o
                0x000000b0                btn_1
 .progmem.data.debug_entry_1
                0x000000b8        0xa menu.o
                0x000000b8                debug_entry_1
 .progmem.data.debug_entry_0
                0x000000c2        0xb menu.o
                0x000000c2                debug_entry_0
 .progmem.data.option_entry_1
                0x000000cd        0x9 menu.o
                0x000000cd                option_entry_1
 .progmem.data.option_entry_0
                0x000000d6        0x6 menu.o
                0x000000d6                option_entry_0
 .progmem.data.mainmenu_entry_3
                0x000000dc        0x8 menu.o
                0x000000dc                mainmenu_entry_3
 .progmem.data.mainmenu_entry_2
                0x000000e4        0x6 menu.o
                0x000000e4                mainmenu_entry_2
 .progmem.data.mainmenu_entry_1
                0x000000ea        0xa menu.o
                0x000000ea                mainmenu_entry_1
 .progmem.data.font
                0x000000f4      0x320 oled.o
                0x000000f4                font
                0x00000414                . = ALIGN (0x2)
 *(.jumptables)
 *(.jumptables*)
 *(.lowtext)
 *(.lowtext*)
                0x00000414                __ctors_start = .
 *(.ctors)
                0x00000414                __ctors_end = .
                0x00000414                __dtors_start = .
 *(.dtors)
                0x00000414                __dtors_end = .
 SORT(*)(.ctors)
 SORT(*)(.dtors)
 *(.init0)
 .init0         0x00000414        0x0 c:/program files (x86)/atmel/atmel toolchain/avr8 gcc/native/3.4.1061/avr8-gnu-toolchain/bin/../lib/gcc/avr/4.8.1/../../../../avr/lib/avr5/crtm162.o
                0x00000414                __init
 *(.init0)
 *(.init1)
 *(.init1)
 *(.init2)
 .init2         0x00000414        0xc c:/program files (x86)/atmel/atmel toolchain/avr8 gcc/native/3.4.1061/avr8-gnu-toolchain/bin/../lib/gcc/avr/4.8.1/../../../../avr/lib/avr5/crtm162.o
 *(.init2)
 *(.init3)
 *(.init3)
 *(.init4)
 .init4         0x00000420       0x16 c:/program files (x86)/atmel/atmel toolchain/avr8 gcc/native/3.4.1061/avr8-gnu-toolchain/bin/../lib/gcc/avr/4.8.1/avr5\libgcc.a(_copy_data.o)
                0x00000420                __do_copy_data
 .init4         0x00000436       0x10 c:/program files (x86)/atmel/atmel toolchain/avr8 gcc/native/3.4.1061/avr8-gnu-toolchain/bin/../lib/gcc/avr/4.8.1/avr5\libgcc.a(_clear_bss.o)
                0x00000436                __do_clear_bss
 *(.init4)
 *(.init5)
 *(.init5)
 *(.init6)
 *(.init6)
 *(.init7)
 *(.init7)
 *(.init8)
 *(.init8)
 *(.init9)
 .init9         0x00000446        0x8 c:/program files (x86)/atmel/atmel toolchain/avr8 gcc/native/3.4.1061/avr8-gnu-toolchain/bin/../lib/gcc/avr/4.8.1/../../../../avr/lib/avr5/crtm162.o
 *(.init9)
 *(.text)
 .text          0x0000044e        0x4 c:/program files (x86)/atmel/atmel toolchain/avr8 gcc/native/3.4.1061/avr8-gnu-toolchain/bin/../lib/gcc/avr/4.8.1/../../../../avr/lib/avr5/crtm162.o
                0x0000044e                __vector_22
                0x0000044e                __vector_24
                0x0000044e                __vector_12
                0x0000044e                __bad_interrupt
                0x0000044e                __vector_6
                0x0000044e                __vector_3
                0x0000044e                __vector_23
                0x0000044e                __vector_25
                0x0000044e                __vector_11
                0x0000044e                __vector_13
                0x0000044e                __vector_17
                0x0000044e                __vector_19
                0x0000044e                __vector_7
                0x0000044e                __vector_27
                0x0000044e                __vector_5
                0x0000044e                __vector_4
                0x0000044e                __vector_9
                0x0000044e                __vector_21
                0x0000044e                __vector_15
                0x0000044e                __vector_8
                0x0000044e                __vector_26
                0x0000044e                __vector_14
                0x0000044e                __vector_10
                0x0000044e                __vector_16
                0x0000044e                __vector_18
                0x0000044e                __vector_20
                0x00000452                . = ALIGN (0x2)
 *(.text.*)
 .text.readADC  0x00000452       0x4c adc.o
                0x00000452                readADC
 .text.initalize_interrupts
                0x0000049e       0x2a button_interrupts.o
                0x0000049e                initalize_interrupts
 .text.__vector_1
                0x000004c8       0xbc button_interrupts.o
                0x000004c8                __vector_1
 .text.__vector_2
                0x00000584       0x48 button_interrupts.o
                0x00000584                __vector_2
 .text.calibrate_joystick
                0x000005cc       0x8c input_conversion.o
                0x000005cc                calibrate_joystick
 .text.signal_to_range
                0x00000658      0x16e input_conversion.o
                0x00000658                signal_to_range
 .text.read_control_input
                0x000007c6      0x158 input_conversion.o
                0x000007c6                read_control_input
 .text.initialize_control_input
                0x0000091e       0xae input_conversion.o
                0x0000091e                initialize_control_input
 .text.SRAM_test
                0x000009cc      0x10a main_G17.o
                0x000009cc                SRAM_test
 .text.bootscreen
                0x00000ad6      0x176 main_G17.o
                0x00000ad6                bootscreen
 .text.initalize
                0x00000c4c       0x9e main_G17.o
                0x00000c4c                initalize
 .text.main     0x00000cea       0x42 main_G17.o
                0x00000cea                main
 .text.initialize_menu
                0x00000d2c      0x15c menu.o
                0x00000d2c                initialize_menu
 .text.menu_left_button_flag
                0x00000e88        0x8 menu.o
                0x00000e88                menu_left_button_flag
 .text.menu_right_button_flag
                0x00000e90        0x8 menu.o
                0x00000e90                menu_right_button_flag
 .text.menu_set_contrast
                0x00000e98       0x70 menu.o
                0x00000e98                menu_set_contrast
 .text.menu_calibrate_joystick
                0x00000f08       0xee menu.o
                0x00000f08                menu_calibrate_joystick
 .text.menu_function_selected
                0x00000ff6       0x22 menu.o
                0x00000ff6                menu_function_selected
 .text.navigate_menu
                0x00001018       0xd4 menu.o
                0x00001018                navigate_menu
 .text.menu_update
                0x000010ec       0xc8 menu.o
                0x000010ec                menu_update
 .text.write_c  0x000011b4        0xc oled.o
                0x000011b4                write_c
 .text.oled_home
                0x000011c0       0x56 oled.o
                0x000011c0                oled_home
 .text.oled_goto_line
                0x00001216       0x44 oled.o
                0x00001216                oled_goto_line
 .text.oled_goto_column
                0x0000125a        0xe oled.o
                0x0000125a                oled_goto_column
 .text.oled_clear_line
                0x00001268       0x28 oled.o
                0x00001268                oled_clear_line
 .text.oled_reset
                0x00001290       0x1c oled.o
                0x00001290                oled_reset
 .text.oled_ini
                0x000012ac      0x11a oled.o
                0x000012ac                oled_ini
 .text.sram_write_char
                0x000013c6       0xba oled.o
                0x000013c6                sram_write_char
 .text.sram_write_string
                0x00001480       0x16 oled.o
                0x00001480                sram_write_string
 .text.sram_init
                0x00001496       0x40 oled.o
                0x00001496                sram_init
 .text.sram_write_or
                0x000014d6       0x40 oled.o
                0x000014d6                sram_write_or
 .text.sram_pixel
                0x00001516       0x5e oled.o
                0x00001516                sram_pixel
 .text.sram_draw_line
                0x00001574      0x2a4 oled.o
                0x00001574                sram_draw_line
 .text.write_screen
                0x00001818       0xb0 oled.o
                0x00001818                write_screen
 .text.sram_clear_line
                0x000018c8       0x60 oled.o
                0x000018c8                sram_clear_line
 .text.sram_scroll_data
                0x00001928       0xfc oled.o
                0x00001928                sram_scroll_data
 .text.sram_draw_rectangle
                0x00001a24       0x62 oled.o
                0x00001a24                sram_draw_rectangle
 .text.send_UART
                0x00001a86        0x8 uart.o
                0x00001a86                send_UART
 .text.recieve_UART
                0x00001a8e        0xa uart.o
                0x00001a8e                recieve_UART
 .text.init_UART
                0x00001a98       0x16 uart.o
                0x00001a98                init_UART
 .text.avr-libc.fplib
                0x00001aae        0xa c:/program files (x86)/atmel/atmel toolchain/avr8 gcc/native/3.4.1061/avr8-gnu-toolchain/bin/../lib/gcc/avr/4.8.1/../../../../avr/lib/avr5\libm.a(addsf3.o)
                0x00001aae                __subsf3
                0x00001ab0                __addsf3
 .text.avr-libc.fplib
                0x00001ab8       0xc0 c:/program files (x86)/atmel/atmel toolchain/avr8 gcc/native/3.4.1061/avr8-gnu-toolchain/bin/../lib/gcc/avr/4.8.1/../../../../avr/lib/avr5\libm.a(addsf3x.o)
                0x00001ad2                __addsf3x
 .text.avr-libc.fplib
                0x00001b78        0x8 c:/program files (x86)/atmel/atmel toolchain/avr8 gcc/native/3.4.1061/avr8-gnu-toolchain/bin/../lib/gcc/avr/4.8.1/../../../../avr/lib/avr5\libm.a(cmpsf2.o)
                0x00001b78                __nesf2
                0x00001b78                __eqsf2
                0x00001b78                __cmpsf2
                0x00001b78                __ltsf2
                0x00001b78                __lesf2
 .text.avr-libc.fplib
                0x00001b80        0x4 c:/program files (x86)/atmel/atmel toolchain/avr8 gcc/native/3.4.1061/avr8-gnu-toolchain/bin/../lib/gcc/avr/4.8.1/../../../../avr/lib/avr5\libm.a(divsf3.o)
                0x00001b80                __divsf3
 .text.avr-libc.fplib
                0x00001b84       0xcc c:/program files (x86)/atmel/atmel toolchain/avr8 gcc/native/3.4.1061/avr8-gnu-toolchain/bin/../lib/gcc/avr/4.8.1/../../../../avr/lib/avr5\libm.a(divsf3x.o)
                0x00001b9a                __divsf3x
                0x00001b9e                __divsf3_pse
 .text.avr-libc.fplib
                0x00001c50        0xa c:/program files (x86)/atmel/atmel toolchain/avr8 gcc/native/3.4.1061/avr8-gnu-toolchain/bin/../lib/gcc/avr/4.8.1/../../../../avr/lib/avr5\libm.a(fixsfsi.o)
                0x00001c50                __fixsfsi
 .text.avr-libc.fplib
                0x00001c5a       0x58 c:/program files (x86)/atmel/atmel toolchain/avr8 gcc/native/3.4.1061/avr8-gnu-toolchain/bin/../lib/gcc/avr/4.8.1/../../../../avr/lib/avr5\libm.a(fixunssfsi.o)
                0x00001c5a                __fixunssfsi
 .text.avr-libc.fplib
                0x00001cb2       0x7a c:/program files (x86)/atmel/atmel toolchain/avr8 gcc/native/3.4.1061/avr8-gnu-toolchain/bin/../lib/gcc/avr/4.8.1/../../../../avr/lib/avr5\libm.a(floatsisf.o)
                0x00001cb2                __floatunsisf
                0x00001cb6                __floatsisf
 .text.avr-libc.fplib
                0x00001d2c       0x48 c:/program files (x86)/atmel/atmel toolchain/avr8 gcc/native/3.4.1061/avr8-gnu-toolchain/bin/../lib/gcc/avr/4.8.1/../../../../avr/lib/avr5\libm.a(fp_cmp.o)
                0x00001d2c                __fp_cmp
 .text.avr-libc.fplib
                0x00001d74        0xc c:/program files (x86)/atmel/atmel toolchain/avr8 gcc/native/3.4.1061/avr8-gnu-toolchain/bin/../lib/gcc/avr/4.8.1/../../../../avr/lib/avr5\libm.a(fp_inf.o)
                0x00001d74                __fp_inf
 .text.avr-libc.fplib
                0x00001d80        0x6 c:/program files (x86)/atmel/atmel toolchain/avr8 gcc/native/3.4.1061/avr8-gnu-toolchain/bin/../lib/gcc/avr/4.8.1/../../../../avr/lib/avr5\libm.a(fp_nan.o)
                0x00001d80                __fp_nan
 .text.avr-libc.fplib
                0x00001d86        0xe c:/program files (x86)/atmel/atmel toolchain/avr8 gcc/native/3.4.1061/avr8-gnu-toolchain/bin/../lib/gcc/avr/4.8.1/../../../../avr/lib/avr5\libm.a(fp_pscA.o)
                0x00001d86                __fp_pscA
 .text.avr-libc.fplib
                0x00001d94        0xe c:/program files (x86)/atmel/atmel toolchain/avr8 gcc/native/3.4.1061/avr8-gnu-toolchain/bin/../lib/gcc/avr/4.8.1/../../../../avr/lib/avr5\libm.a(fp_pscB.o)
                0x00001d94                __fp_pscB
 .text.avr-libc.fplib
                0x00001da2       0x22 c:/program files (x86)/atmel/atmel toolchain/avr8 gcc/native/3.4.1061/avr8-gnu-toolchain/bin/../lib/gcc/avr/4.8.1/../../../../avr/lib/avr5\libm.a(fp_round.o)
                0x00001da2                __fp_round
 .text.avr-libc.fplib
                0x00001dc4       0x44 c:/program files (x86)/atmel/atmel toolchain/avr8 gcc/native/3.4.1061/avr8-gnu-toolchain/bin/../lib/gcc/avr/4.8.1/../../../../avr/lib/avr5\libm.a(fp_split3.o)
                0x00001dc4                __fp_split3
                0x00001dd4                __fp_splitA
 .text.avr-libc.fplib
                0x00001e08        0xe c:/program files (x86)/atmel/atmel toolchain/avr8 gcc/native/3.4.1061/avr8-gnu-toolchain/bin/../lib/gcc/avr/4.8.1/../../../../avr/lib/avr5\libm.a(fp_zero.o)
                0x00001e08                __fp_zero
                0x00001e0a                __fp_szero
 .text.avr-libc.fplib
                0x00001e16        0x4 c:/program files (x86)/atmel/atmel toolchain/avr8 gcc/native/3.4.1061/avr8-gnu-toolchain/bin/../lib/gcc/avr/4.8.1/../../../../avr/lib/avr5\libm.a(mulsf3.o)
                0x00001e16                __mulsf3
 .text.avr-libc.fplib
                0x00001e1a       0xc2 c:/program files (x86)/atmel/atmel toolchain/avr8 gcc/native/3.4.1061/avr8-gnu-toolchain/bin/../lib/gcc/avr/4.8.1/../../../../avr/lib/avr5\libm.a(mulsf3x.o)
                0x00001e2e                __mulsf3x
                0x00001e32                __mulsf3_pse
 .text.libgcc.div
                0x00001edc       0x28 c:/program files (x86)/atmel/atmel toolchain/avr8 gcc/native/3.4.1061/avr8-gnu-toolchain/bin/../lib/gcc/avr/4.8.1/avr5\libgcc.a(_divmodhi4.o)
                0x00001edc                _div
                0x00001edc                __divmodhi4
 .text.libgcc.div
                0x00001f04       0x28 c:/program files (x86)/atmel/atmel toolchain/avr8 gcc/native/3.4.1061/avr8-gnu-toolchain/bin/../lib/gcc/avr/4.8.1/avr5\libgcc.a(_udivmodhi4.o)
                0x00001f04                __udivmodhi4
 .text.avr-libc
                0x00001f2c       0xbc c:/program files (x86)/atmel/atmel toolchain/avr8 gcc/native/3.4.1061/avr8-gnu-toolchain/bin/../lib/gcc/avr/4.8.1/../../../../avr/lib/avr5\libc.a(rand.o)
                0x00001fc2                rand_r
                0x00001fc8                rand
                0x00001fd2                srand
 .text.avr-libc
                0x00001fe8        0xe c:/program files (x86)/atmel/atmel toolchain/avr8 gcc/native/3.4.1061/avr8-gnu-toolchain/bin/../lib/gcc/avr/4.8.1/../../../../avr/lib/avr5\libc.a(strcpy_P.o)
                0x00001fe8                strcpy_P
 .text.avr-libc
                0x00001ff6       0x96 c:/program files (x86)/atmel/atmel toolchain/avr8 gcc/native/3.4.1061/avr8-gnu-toolchain/bin/../lib/gcc/avr/4.8.1/../../../../avr/lib/avr5\libc.a(fdevopen.o)
                0x00001ff6                fdevopen
 .text.avr-libc
                0x0000208c       0x28 c:/program files (x86)/atmel/atmel toolchain/avr8 gcc/native/3.4.1061/avr8-gnu-toolchain/bin/../lib/gcc/avr/4.8.1/../../../../avr/lib/avr5\libc.a(printf.o)
                0x0000208c                printf
 .text.avr-libc
                0x000020b4       0x5a c:/program files (x86)/atmel/atmel toolchain/avr8 gcc/native/3.4.1061/avr8-gnu-toolchain/bin/../lib/gcc/avr/4.8.1/../../../../avr/lib/avr5\libc.a(puts.o)
                0x000020b4                puts
 .text.avr-libc
                0x0000210e      0x3a4 c:/program files (x86)/atmel/atmel toolchain/avr8 gcc/native/3.4.1061/avr8-gnu-toolchain/bin/../lib/gcc/avr/4.8.1/../../../../avr/lib/avr5\libc.a(vfprintf_std.o)
                0x0000210e                vfprintf
 .text.avr-libc
                0x000024b2       0x38 c:/program files (x86)/atmel/atmel toolchain/avr8 gcc/native/3.4.1061/avr8-gnu-toolchain/bin/../lib/gcc/avr/4.8.1/../../../../avr/lib/avr5\libc.a(calloc.o)
                0x000024b2                calloc
 .text.avr-libc
                0x000024ea      0x24e c:/program files (x86)/atmel/atmel toolchain/avr8 gcc/native/3.4.1061/avr8-gnu-toolchain/bin/../lib/gcc/avr/4.8.1/../../../../avr/lib/avr5\libc.a(malloc.o)
                0x000024ea                malloc
                0x0000261a                free
 .text.avr-libc
                0x00002738       0x16 c:/program files (x86)/atmel/atmel toolchain/avr8 gcc/native/3.4.1061/avr8-gnu-toolchain/bin/../lib/gcc/avr/4.8.1/../../../../avr/lib/avr5\libc.a(strnlen_P.o)
                0x00002738                strnlen_P
 .text.avr-libc
                0x0000274e        0xe c:/program files (x86)/atmel/atmel toolchain/avr8 gcc/native/3.4.1061/avr8-gnu-toolchain/bin/../lib/gcc/avr/4.8.1/../../../../avr/lib/avr5\libc.a(memset.o)
                0x0000274e                memset
 .text.avr-libc
                0x0000275c       0x16 c:/program files (x86)/atmel/atmel toolchain/avr8 gcc/native/3.4.1061/avr8-gnu-toolchain/bin/../lib/gcc/avr/4.8.1/../../../../avr/lib/avr5\libc.a(strnlen.o)
                0x0000275c                strnlen
 .text.avr-libc
                0x00002772       0x64 c:/program files (x86)/atmel/atmel toolchain/avr8 gcc/native/3.4.1061/avr8-gnu-toolchain/bin/../lib/gcc/avr/4.8.1/../../../../avr/lib/avr5\libc.a(fputc.o)
                0x00002772                fputc
 .text.avr-libc
                0x000027d6       0xbc c:/program files (x86)/atmel/atmel toolchain/avr8 gcc/native/3.4.1061/avr8-gnu-toolchain/bin/../lib/gcc/avr/4.8.1/../../../../avr/lib/avr5\libc.a(ultoa_invert.o)
                0x000027d6                __ultoa_invert
 .text.libgcc.div
                0x00002892       0x2e c:/program files (x86)/atmel/atmel toolchain/avr8 gcc/native/3.4.1061/avr8-gnu-toolchain/bin/../lib/gcc/avr/4.8.1/avr5\libgcc.a(_divmodsi4.o)
                0x00002892                __divmodsi4
 .text.libgcc.div
                0x000028c0       0x10 c:/program files (x86)/atmel/atmel toolchain/avr8 gcc/native/3.4.1061/avr8-gnu-toolchain/bin/../lib/gcc/avr/4.8.1/avr5\libgcc.a(_negsi2.o)
                0x000028c0                __negsi2
 .text.libgcc.mul
                0x000028d0       0x16 c:/program files (x86)/atmel/atmel toolchain/avr8 gcc/native/3.4.1061/avr8-gnu-toolchain/bin/../lib/gcc/avr/4.8.1/avr5\libgcc.a(_muluhisi3.o)
                0x000028d0                __muluhisi3
 .text.libgcc.mul
                0x000028e6       0x10 c:/program files (x86)/atmel/atmel toolchain/avr8 gcc/native/3.4.1061/avr8-gnu-toolchain/bin/../lib/gcc/avr/4.8.1/avr5\libgcc.a(_mulshisi3.o)
                0x000028e6                __mulshisi3
                0x000028ec                __mulohisi3
 .text.libgcc.prologue
                0x000028f6       0x38 c:/program files (x86)/atmel/atmel toolchain/avr8 gcc/native/3.4.1061/avr8-gnu-toolchain/bin/../lib/gcc/avr/4.8.1/avr5\libgcc.a(_prologue.o)
                0x000028f6                __prologue_saves__
 .text.libgcc.prologue
                0x0000292e       0x36 c:/program files (x86)/atmel/atmel toolchain/avr8 gcc/native/3.4.1061/avr8-gnu-toolchain/bin/../lib/gcc/avr/4.8.1/avr5\libgcc.a(_epilogue.o)
                0x0000292e                __epilogue_restores__
 .text.libgcc.div
                0x00002964       0x44 c:/program files (x86)/atmel/atmel toolchain/avr8 gcc/native/3.4.1061/avr8-gnu-toolchain/bin/../lib/gcc/avr/4.8.1/avr5\libgcc.a(_udivmodsi4.o)
                0x00002964                __udivmodsi4
 .text.libgcc.mul
                0x000029a8       0x1e c:/program files (x86)/atmel/atmel toolchain/avr8 gcc/native/3.4.1061/avr8-gnu-toolchain/bin/../lib/gcc/avr/4.8.1/avr5\libgcc.a(_umulhisi3.o)
                0x000029a8                __umulhisi3
                0x000029c6                . = ALIGN (0x2)
 *(.fini9)
 .fini9         0x000029c6        0x0 c:/program files (x86)/atmel/atmel toolchain/avr8 gcc/native/3.4.1061/avr8-gnu-toolchain/bin/../lib/gcc/avr/4.8.1/avr5\libgcc.a(_exit.o)
                0x000029c6                _exit
                0x000029c6                exit
 *(.fini9)
 *(.fini8)
 *(.fini8)
 *(.fini7)
 *(.fini7)
 *(.fini6)
 *(.fini6)
 *(.fini5)
 *(.fini5)
 *(.fini4)
 *(.fini4)
 *(.fini3)
 *(.fini3)
 *(.fini2)
 *(.fini2)
 *(.fini1)
 *(.fini1)
 *(.fini0)
 .fini0         0x000029c6        0x4 c:/program files (x86)/atmel/atmel toolchain/avr8 gcc/native/3.4.1061/avr8-gnu-toolchain/bin/../lib/gcc/avr/4.8.1/avr5\libgcc.a(_exit.o)
 *(.fini0)
                0x000029ca                _etext = .

.data           0x00800100      0x2ae load address 0x000029ca
                0x00800100                PROVIDE (__data_start, .)
 *(.data)
 .data          0x00800100        0x4 c:/program files (x86)/atmel/atmel toolchain/avr8 gcc/native/3.4.1061/avr8-gnu-toolchain/bin/../lib/gcc/avr/4.8.1/../../../../avr/lib/avr5\libc.a(rand.o)
 .data          0x00800104        0x6 c:/program files (x86)/atmel/atmel toolchain/avr8 gcc/native/3.4.1061/avr8-gnu-toolchain/bin/../lib/gcc/avr/4.8.1/../../../../avr/lib/avr5\libc.a(malloc.o)
                0x00800104                __malloc_heap_end
                0x00800106                __malloc_heap_start
                0x00800108                __malloc_margin
 *(.data*)
 .data.ext_ram  0x0080010a        0x2 oled.o
                0x0080010a                ext_ram
 .data.oled_data
                0x0080010c        0x2 oled.o
                0x0080010c                oled_data
 .data.oled_cmd
                0x0080010e        0x2 oled.o
                0x0080010e                oled_cmd
 *(.rodata)
 *(.rodata*)
 .rodata.str1.1
                0x00800110       0x42 button_interrupts.o
 .rodata.str1.1
                0x00800152       0x52 input_conversion.o
 .rodata.str1.1
                0x008001a4      0x20a main_G17.o
 *(.gnu.linkonce.d*)
                0x008003ae                . = ALIGN (0x2)
                0x008003ae                _edata = .
                0x008003ae                PROVIDE (__data_end, .)

.bss            0x008003ae       0x83
                0x008003ae                PROVIDE (__bss_start, .)
 *(.bss)
 *(.bss*)
 .bss.ref_R     0x008003ae        0x2 input_conversion.o
                0x008003ae                ref_R
 .bss.ref_L     0x008003b0        0x2 input_conversion.o
                0x008003b0                ref_L
 .bss.ref_Y     0x008003b2        0x2 input_conversion.o
                0x008003b2                ref_Y
 .bss.ref_X     0x008003b4        0x2 input_conversion.o
                0x008003b4                ref_X
 .bss.calibrate_y
                0x008003b6        0x2 input_conversion.o
                0x008003b6                calibrate_y
 .bss.calibrate_x
                0x008003b8        0x2 input_conversion.o
                0x008003b8                calibrate_x
 .bss.left_button_flag
                0x008003ba        0x1 menu.o
                0x008003ba                left_button_flag
 .bss.right_button_flag
                0x008003bb        0x1 menu.o
                0x008003bb                right_button_flag
 .bss.edited    0x008003bc        0x1 oled.o
                0x008003bc                edited
 .bss.col_sram  0x008003bd        0x2 oled.o
                0x008003bd                col_sram
 .bss.page_sram
                0x008003bf        0x2 oled.o
                0x008003bf                page_sram
 *(COMMON)
 COMMON         0x008003c1       0x5a menu.o
                0x008003c1                current_head
                0x008003c3                current_selected
                0x008003c5                mainmenu_2
                0x008003cf                temp
                0x008003df                option_0
                0x008003e9                option_1
                0x008003f3                mainmenu_0
                0x008003fd                debug_0
                0x00800407                debug_1
                0x00800411                mainmenu_1
 COMMON         0x0080041b        0xc oled.o
                0x0080041b                tempdata
                0x00800423                col
                0x00800425                page
 COMMON         0x00800427        0x6 c:/program files (x86)/atmel/atmel toolchain/avr8 gcc/native/3.4.1061/avr8-gnu-toolchain/bin/../lib/gcc/avr/4.8.1/../../../../avr/lib/avr5\libc.a(iob.o)
                0x00800427                __iob
 COMMON         0x0080042d        0x4 c:/program files (x86)/atmel/atmel toolchain/avr8 gcc/native/3.4.1061/avr8-gnu-toolchain/bin/../lib/gcc/avr/4.8.1/../../../../avr/lib/avr5\libc.a(malloc.o)
                0x0080042d                __brkval
                0x0080042f                __flp
                0x00800431                PROVIDE (__bss_end, .)
                0x000029ca                __data_load_start = LOADADDR (.data)
                0x00002c78                __data_load_end = (__data_load_start + SIZEOF (.data))

.noinit         0x00800431        0x0
                0x00800431                PROVIDE (__noinit_start, .)
 *(.noinit*)
                0x00800431                PROVIDE (__noinit_end, .)
                0x00800431                _end = .
                0x00800431                PROVIDE (__heap_start, .)

.eeprom         0x00810000        0x0
 *(.eeprom*)
                0x00810000                __eeprom_end = .

.fuse
 *(.fuse)
 *(.lfuse)
 *(.hfuse)
 *(.efuse)

.lock
 *(.lock*)

.signature
 *(.signature*)

.user_signatures
 *(.user_signatures*)

.stab
 *(.stab)

.stabstr
 *(.stabstr)

.stab.excl
 *(.stab.excl)

.stab.exclstr
 *(.stab.exclstr)

.stab.index
 *(.stab.index)

.stab.indexstr
 *(.stab.indexstr)

.comment        0x00000000       0x5c
 *(.comment)
 .comment       0x00000000       0x30 adc.o
                                 0x31 (size before relaxing)
 .comment       0x00000000       0x31 button_interrupts.o
 .comment       0x00000000       0x31 input_conversion.o
 .comment       0x00000000       0x31 main_G17.o
 .comment       0x00000000       0x31 menu.o
 .comment       0x00000000       0x31 oled.o
 .comment       0x00000000       0x31 uart.o
 .comment       0x00000000       0x31 c:/program files (x86)/atmel/atmel toolchain/avr8 gcc/native/3.4.1061/avr8-gnu-toolchain/bin/../lib/gcc/avr/4.8.1/../../../../avr/lib/avr5\libc.a(rand.o)
 .comment       0x00000000       0x31 c:/program files (x86)/atmel/atmel toolchain/avr8 gcc/native/3.4.1061/avr8-gnu-toolchain/bin/../lib/gcc/avr/4.8.1/../../../../avr/lib/avr5\libc.a(fdevopen.o)
 .comment       0x00000000       0x31 c:/program files (x86)/atmel/atmel toolchain/avr8 gcc/native/3.4.1061/avr8-gnu-toolchain/bin/../lib/gcc/avr/4.8.1/../../../../avr/lib/avr5\libc.a(iob.o)
 .comment       0x00000000       0x31 c:/program files (x86)/atmel/atmel toolchain/avr8 gcc/native/3.4.1061/avr8-gnu-toolchain/bin/../lib/gcc/avr/4.8.1/../../../../avr/lib/avr5\libc.a(printf.o)
 .comment       0x00000000       0x31 c:/program files (x86)/atmel/atmel toolchain/avr8 gcc/native/3.4.1061/avr8-gnu-toolchain/bin/../lib/gcc/avr/4.8.1/../../../../avr/lib/avr5\libc.a(puts.o)
 .comment       0x00000030       0x2c c:/program files (x86)/atmel/atmel toolchain/avr8 gcc/native/3.4.1061/avr8-gnu-toolchain/bin/../lib/gcc/avr/4.8.1/../../../../avr/lib/avr5\libc.a(vfprintf_std.o)
                                 0x2d (size before relaxing)
 .comment       0x00000000       0x31 c:/program files (x86)/atmel/atmel toolchain/avr8 gcc/native/3.4.1061/avr8-gnu-toolchain/bin/../lib/gcc/avr/4.8.1/../../../../avr/lib/avr5\libc.a(calloc.o)
 .comment       0x00000000       0x31 c:/program files (x86)/atmel/atmel toolchain/avr8 gcc/native/3.4.1061/avr8-gnu-toolchain/bin/../lib/gcc/avr/4.8.1/../../../../avr/lib/avr5\libc.a(malloc.o)
 .comment       0x00000000       0x31 c:/program files (x86)/atmel/atmel toolchain/avr8 gcc/native/3.4.1061/avr8-gnu-toolchain/bin/../lib/gcc/avr/4.8.1/../../../../avr/lib/avr5\libc.a(fputc.o)

.note.gnu.build-id
 *(.note.gnu.build-id)

.debug
 *(.debug)

.line
 *(.line)

.debug_srcinfo
 *(.debug_srcinfo)

.debug_sfnames
 *(.debug_sfnames)

.debug_aranges  0x00000000      0x248
 *(.debug_aranges)
 .debug_aranges
                0x00000000       0x20 adc.o
 .debug_aranges
                0x00000020       0x30 button_interrupts.o
 .debug_aranges
                0x00000050       0x38 input_conversion.o
 .debug_aranges
                0x00000088       0x38 main_G17.o
 .debug_aranges
                0x000000c0       0x60 menu.o
 .debug_aranges
                0x00000120       0xf0 oled.o
 .debug_aranges
                0x00000210       0x38 uart.o

.debug_pubnames
 *(.debug_pubnames)

.debug_info     0x00000000     0x310c
 *(.debug_info .gnu.linkonce.wi.*)
 .debug_info    0x00000000      0x12f adc.o
 .debug_info    0x0000012f      0x185 button_interrupts.o
 .debug_info    0x000002b4      0x44f input_conversion.o
 .debug_info    0x00000703      0x910 main_G17.o
 .debug_info    0x00001013      0xe93 menu.o
 .debug_info    0x00001ea6      0xffb oled.o
 .debug_info    0x00002ea1      0x26b uart.o

.debug_abbrev   0x00000000      0xbc2
 *(.debug_abbrev)
 .debug_abbrev  0x00000000       0xe9 adc.o
 .debug_abbrev  0x000000e9       0xe6 button_interrupts.o
 .debug_abbrev  0x000001cf      0x13f input_conversion.o
 .debug_abbrev  0x0000030e      0x203 main_G17.o
 .debug_abbrev  0x00000511      0x25e menu.o
 .debug_abbrev  0x0000076f      0x2cf oled.o
 .debug_abbrev  0x00000a3e      0x184 uart.o

.debug_line     0x00000000      0xd8e
 *(.debug_line .debug_line.* .debug_line_end)
 .debug_line    0x00000000      0x130 adc.o
 .debug_line    0x00000130      0x10c button_interrupts.o
 .debug_line    0x0000023c      0x12f input_conversion.o
 .debug_line    0x0000036b      0x225 main_G17.o
 .debug_line    0x00000590      0x31b menu.o
 .debug_line    0x000008ab      0x3df oled.o
 .debug_line    0x00000c8a      0x104 uart.o

.debug_frame    0x00000000      0x808
 *(.debug_frame)
 .debug_frame   0x00000000       0x24 adc.o
 .debug_frame   0x00000024      0x118 button_interrupts.o
 .debug_frame   0x0000013c      0x124 input_conversion.o
 .debug_frame   0x00000260       0xe4 main_G17.o
 .debug_frame   0x00000344       0xec menu.o
 .debug_frame   0x00000430      0x37c oled.o
 .debug_frame   0x000007ac       0x5c uart.o

.debug_str      0x00000000      0x9f6
 *(.debug_str)
 .debug_str     0x00000000      0x1a9 adc.o
                                0x1e2 (size before relaxing)
 .debug_str     0x000001a9       0xfc button_interrupts.o
                                0x1fc (size before relaxing)
 .debug_str     0x000002a5       0xc1 input_conversion.o
                                0x27a (size before relaxing)
 .debug_str     0x00000366      0x138 main_G17.o
                                0x31f (size before relaxing)
 .debug_str     0x0000049e      0x334 menu.o
                                0x5b3 (size before relaxing)
 .debug_str     0x000007d2      0x161 oled.o
                                0x3e0 (size before relaxing)
 .debug_str     0x00000933       0xc3 uart.o
                                0x1fa (size before relaxing)

.debug_loc      0x00000000     0x2269
 *(.debug_loc)
 .debug_loc     0x00000000       0xe3 adc.o
 .debug_loc     0x000000e3      0x28d button_interrupts.o
 .debug_loc     0x00000370      0x55e input_conversion.o
 .debug_loc     0x000008ce      0x27a main_G17.o
 .debug_loc     0x00000b48      0x2f1 menu.o
 .debug_loc     0x00000e39     0x13ca oled.o
 .debug_loc     0x00002203       0x66 uart.o

.debug_macinfo
 *(.debug_macinfo)

.debug_weaknames
 *(.debug_weaknames)

.debug_funcnames
 *(.debug_funcnames)

.debug_typenames
 *(.debug_typenames)

.debug_varnames
 *(.debug_varnames)

.debug_pubtypes
 *(.debug_pubtypes)

.debug_ranges   0x00000000      0x250
 *(.debug_ranges)
 .debug_ranges  0x00000000       0x10 adc.o
 .debug_ranges  0x00000010       0x20 button_interrupts.o
 .debug_ranges  0x00000030       0x28 input_conversion.o
 .debug_ranges  0x00000058       0x58 main_G17.o
 .debug_ranges  0x000000b0       0x50 menu.o
 .debug_ranges  0x00000100      0x128 oled.o
 .debug_ranges  0x00000228       0x28 uart.o

.debug_macro
 *(.debug_macro)
OUTPUT(Oving1_TTK4155_G17_H17.elf elf32-avr)
LOAD linker stubs
