Archive member included because of file (symbol)

c:/program files (x86)/atmel/atmel toolchain/avr8 gcc/native/3.4.1061/avr8-gnu-toolchain/bin/../lib/gcc/avr/4.8.1/../../../../avr/lib/avr5\libm.a(addsf3.o)
                              oled.o (__subsf3)
c:/program files (x86)/atmel/atmel toolchain/avr8 gcc/native/3.4.1061/avr8-gnu-toolchain/bin/../lib/gcc/avr/4.8.1/../../../../avr/lib/avr5\libm.a(addsf3x.o)
                              c:/program files (x86)/atmel/atmel toolchain/avr8 gcc/native/3.4.1061/avr8-gnu-toolchain/bin/../lib/gcc/avr/4.8.1/../../../../avr/lib/avr5\libm.a(addsf3.o) (__addsf3x)
c:/program files (x86)/atmel/atmel toolchain/avr8 gcc/native/3.4.1061/avr8-gnu-toolchain/bin/../lib/gcc/avr/4.8.1/../../../../avr/lib/avr5\libm.a(cmpsf2.o)
                              oled.o (__ltsf2)
c:/program files (x86)/atmel/atmel toolchain/avr8 gcc/native/3.4.1061/avr8-gnu-toolchain/bin/../lib/gcc/avr/4.8.1/../../../../avr/lib/avr5\libm.a(divsf3.o)
                              input_conversion.o (__divsf3)
c:/program files (x86)/atmel/atmel toolchain/avr8 gcc/native/3.4.1061/avr8-gnu-toolchain/bin/../lib/gcc/avr/4.8.1/../../../../avr/lib/avr5\libm.a(divsf3x.o)
                              c:/program files (x86)/atmel/atmel toolchain/avr8 gcc/native/3.4.1061/avr8-gnu-toolchain/bin/../lib/gcc/avr/4.8.1/../../../../avr/lib/avr5\libm.a(divsf3.o) (__divsf3x)
c:/program files (x86)/atmel/atmel toolchain/avr8 gcc/native/3.4.1061/avr8-gnu-toolchain/bin/../lib/gcc/avr/4.8.1/../../../../avr/lib/avr5\libm.a(fixsfsi.o)
                              input_conversion.o (__fixsfsi)
c:/program files (x86)/atmel/atmel toolchain/avr8 gcc/native/3.4.1061/avr8-gnu-toolchain/bin/../lib/gcc/avr/4.8.1/../../../../avr/lib/avr5\libm.a(fixunssfsi.o)
                              c:/program files (x86)/atmel/atmel toolchain/avr8 gcc/native/3.4.1061/avr8-gnu-toolchain/bin/../lib/gcc/avr/4.8.1/../../../../avr/lib/avr5\libm.a(fixsfsi.o) (__fixunssfsi)
c:/program files (x86)/atmel/atmel toolchain/avr8 gcc/native/3.4.1061/avr8-gnu-toolchain/bin/../lib/gcc/avr/4.8.1/../../../../avr/lib/avr5\libm.a(floatsisf.o)
                              input_conversion.o (__floatsisf)
c:/program files (x86)/atmel/atmel toolchain/avr8 gcc/native/3.4.1061/avr8-gnu-toolchain/bin/../lib/gcc/avr/4.8.1/../../../../avr/lib/avr5\libm.a(fp_cmp.o)
                              c:/program files (x86)/atmel/atmel toolchain/avr8 gcc/native/3.4.1061/avr8-gnu-toolchain/bin/../lib/gcc/avr/4.8.1/../../../../avr/lib/avr5\libm.a(cmpsf2.o) (__fp_cmp)
c:/program files (x86)/atmel/atmel toolchain/avr8 gcc/native/3.4.1061/avr8-gnu-toolchain/bin/../lib/gcc/avr/4.8.1/../../../../avr/lib/avr5\libm.a(fp_inf.o)
                              c:/program files (x86)/atmel/atmel toolchain/avr8 gcc/native/3.4.1061/avr8-gnu-toolchain/bin/../lib/gcc/avr/4.8.1/../../../../avr/lib/avr5\libm.a(addsf3x.o) (__fp_inf)
c:/program files (x86)/atmel/atmel toolchain/avr8 gcc/native/3.4.1061/avr8-gnu-toolchain/bin/../lib/gcc/avr/4.8.1/../../../../avr/lib/avr5\libm.a(fp_nan.o)
                              c:/program files (x86)/atmel/atmel toolchain/avr8 gcc/native/3.4.1061/avr8-gnu-toolchain/bin/../lib/gcc/avr/4.8.1/../../../../avr/lib/avr5\libm.a(addsf3x.o) (__fp_nan)
c:/program files (x86)/atmel/atmel toolchain/avr8 gcc/native/3.4.1061/avr8-gnu-toolchain/bin/../lib/gcc/avr/4.8.1/../../../../avr/lib/avr5\libm.a(fp_pscA.o)
                              c:/program files (x86)/atmel/atmel toolchain/avr8 gcc/native/3.4.1061/avr8-gnu-toolchain/bin/../lib/gcc/avr/4.8.1/../../../../avr/lib/avr5\libm.a(addsf3x.o) (__fp_pscA)
c:/program files (x86)/atmel/atmel toolchain/avr8 gcc/native/3.4.1061/avr8-gnu-toolchain/bin/../lib/gcc/avr/4.8.1/../../../../avr/lib/avr5\libm.a(fp_pscB.o)
                              c:/program files (x86)/atmel/atmel toolchain/avr8 gcc/native/3.4.1061/avr8-gnu-toolchain/bin/../lib/gcc/avr/4.8.1/../../../../avr/lib/avr5\libm.a(addsf3x.o) (__fp_pscB)
c:/program files (x86)/atmel/atmel toolchain/avr8 gcc/native/3.4.1061/avr8-gnu-toolchain/bin/../lib/gcc/avr/4.8.1/../../../../avr/lib/avr5\libm.a(fp_round.o)
                              c:/program files (x86)/atmel/atmel toolchain/avr8 gcc/native/3.4.1061/avr8-gnu-toolchain/bin/../lib/gcc/avr/4.8.1/../../../../avr/lib/avr5\libm.a(addsf3.o) (__fp_round)
c:/program files (x86)/atmel/atmel toolchain/avr8 gcc/native/3.4.1061/avr8-gnu-toolchain/bin/../lib/gcc/avr/4.8.1/../../../../avr/lib/avr5\libm.a(fp_split3.o)
                              c:/program files (x86)/atmel/atmel toolchain/avr8 gcc/native/3.4.1061/avr8-gnu-toolchain/bin/../lib/gcc/avr/4.8.1/../../../../avr/lib/avr5\libm.a(addsf3x.o) (__fp_split3)
c:/program files (x86)/atmel/atmel toolchain/avr8 gcc/native/3.4.1061/avr8-gnu-toolchain/bin/../lib/gcc/avr/4.8.1/../../../../avr/lib/avr5\libm.a(fp_zero.o)
[...]
Memory Configuration

Name             Origin             Length             Attributes
text             0x00000000         0x00020000         xr
data             0x00800060         0x0000ffa0         rw !x
eeprom           0x00810000         0x00010000         rw !x
fuse             0x00820000         0x00000400         rw !x
lock             0x00830000         0x00000400         rw !x
signature        0x00840000         0x00000400         rw !x
user_signatures  0x00850000         0x00000400         rw !x
*default*        0x00000000         0xffffffff

Linker script and memory map

Address of section .data set to 0x800100
LOAD c:/program files (x86)/atmel/atmel toolchain/avr8 gcc/native/3.4.1061/avr8-gnu-toolchain/bin/../lib/gcc/avr/4.8.1/../../../../avr/lib/avr5/crtm162.o
LOAD adc.o
LOAD button_interrupts.o
LOAD can.o
LOAD input_conversion.o
LOAD i_o.o
LOAD main_G17.o
LOAD MCP2515_driver.o
LOAD menu.o
LOAD oled.o
LOAD SPI.o
LOAD uart.o
START GROUP
LOAD c:/program files (x86)/atmel/atmel toolchain/avr8 gcc/native/3.4.1061/avr8-gnu-toolchain/bin/../lib/gcc/avr/4.8.1/../../../../avr/lib/avr5\libm.a
END GROUP
START GROUP
LOAD c:/program files (x86)/atmel/atmel toolchain/avr8 gcc/native/3.4.1061/avr8-gnu-toolchain/bin/../lib/gcc/avr/4.8.1/avr5\libgcc.a
LOAD c:/program files (x86)/atmel/atmel toolchain/avr8 gcc/native/3.4.1061/avr8-gnu-toolchain/bin/../lib/gcc/avr/4.8.1/../../../../avr/lib/avr5\libm.a
LOAD c:/program files (x86)/atmel/atmel toolchain/avr8 gcc/native/3.4.1061/avr8-gnu-toolchain/bin/../lib/gcc/avr/4.8.1/../../../../avr/lib/avr5\libc.a
END GROUP

.hash
 *(.hash)

.dynsym
 *(.dynsym)

.dynstr
 *(.dynstr)

.gnu.version
 *(.gnu.version)

.gnu.version_d
 *(.gnu.version_d)

.gnu.version_r
 *(.gnu.version_r)

.rel.init
 *(.rel.init)

.rela.init
 *(.rela.init)

.rel.text
 *(.rel.text)
 *(.rel.text.*)
 *(.rel.gnu.linkonce.t*)

.rela.text
 *(.rela.text)
 *(.rela.text.*)
 *(.rela.gnu.linkonce.t*)

.rel.fini
 *(.rel.fini)

.rela.fini
 *(.rela.fini)

.rel.rodata
 *(.rel.rodata)
 *(.rel.rodata.*)
 *(.rel.gnu.linkonce.r*)

.rela.rodata
 *(.rela.rodata)
 *(.rela.rodata.*)
 *(.rela.gnu.linkonce.r*)

.rel.data
 *(.rel.data)
 *(.rel.data.*)
 *(.rel.gnu.linkonce.d*)

.rela.data
 *(.rela.data)
 *(.rela.data.*)
 *(.rela.gnu.linkonce.d*)

.rel.ctors
 *(.rel.ctors)

.rela.ctors
 *(.rela.ctors)

.rel.dtors
 *(.rel.dtors)

.rela.dtors
 *(.rela.dtors)

.rel.got
 *(.rel.got)

.rela.got
 *(.rela.got)

.rel.bss
 *(.rel.bss)

.rela.bss
 *(.rela.bss)

.rel.plt
 *(.rel.plt)

.rela.plt
 *(.rela.plt)

.text           0x00000000     0x1f00
 *(.vectors)
 .vectors       0x00000000       0x70 c:/program files (x86)/atmel/atmel toolchain/avr8 gcc/native/3.4.1061/avr8-gnu-toolchain/bin/../lib/gcc/avr/4.8.1/../../../../avr/lib/avr5/crtm162.o
                0x00000000                __vector_default
                0x00000000                __vectors
 *(.vectors)
 *(.progmem.gcc*)
                0x00000070                . = ALIGN (0x2)
                0x00000070                __trampolines_start = .
 *(.trampolines)
 .trampolines   0x00000070        0x0 linker stubs
 *(.trampolines*)
                0x00000070                __trampolines_end = .
 *(.progmem*)
 .progmem.data.debug_entry_1
                0x00000070        0xa menu.o
                0x00000070                debug_entry_1
 .progmem.data.debug_entry_0
                0x0000007a        0xb menu.o
                0x0000007a                debug_entry_0
 .progmem.data.option_entry_1
                0x00000085        0x9 menu.o
                0x00000085                option_entry_1
 .progmem.data.option_entry_0
                0x0000008e        0x6 menu.o
                0x0000008e                option_entry_0
 .progmem.data.mainmenu_entry_3
                0x00000094        0x8 menu.o
                0x00000094                mainmenu_entry_3
 .progmem.data.mainmenu_entry_2
                0x0000009c        0x6 menu.o
                0x0000009c                mainmenu_entry_2
 .progmem.data.mainmenu_entry_1
                0x000000a2        0xa menu.o
                0x000000a2                mainmenu_entry_1
 .progmem.data.font
                0x000000ac      0x320 oled.o
                0x000000ac                font
                0x000003cc                . = ALIGN (0x2)
 *(.jumptables)
 *(.jumptables*)
 *(.lowtext)
 *(.lowtext*)
                0x000003cc                __ctors_start = .
 *(.ctors)
                0x000003cc                __ctors_end = .
                0x000003cc                __dtors_start = .
 *(.dtors)
                0x000003cc                __dtors_end = .
 SORT(*)(.ctors)
 SORT(*)(.dtors)
 *(.init0)
 .init0         0x000003cc        0x0 c:/program files (x86)/atmel/atmel toolchain/avr8 gcc/native/3.4.1061/avr8-gnu-toolchain/bin/../lib/gcc/avr/4.8.1/../../../../avr/lib/avr5/crtm162.o
                0x000003cc                __init
 *(.init0)
 *(.init1)
 *(.init1)
 *(.init2)
 .init2         0x000003cc        0xc c:/program files (x86)/atmel/atmel toolchain/avr8 gcc/native/3.4.1061/avr8-gnu-toolchain/bin/../lib/gcc/avr/4.8.1/../../../../avr/lib/avr5/crtm162.o
 *(.init2)
 *(.init3)
 *(.init3)
 *(.init4)
 .init4         0x000003d8       0x16 c:/program files (x86)/atmel/atmel toolchain/avr8 gcc/native/3.4.1061/avr8-gnu-toolchain/bin/../lib/gcc/avr/4.8.1/avr5\libgcc.a(_copy_data.o)
                0x000003d8                __do_copy_data
 .init4         0x000003ee       0x10 c:/program files (x86)/atmel/atmel toolchain/avr8 gcc/native/3.4.1061/avr8-gnu-toolchain/bin/../lib/gcc/avr/4.8.1/avr5\libgcc.a(_clear_bss.o)
                0x000003ee                __do_clear_bss
 *(.init4)
 *(.init5)
 *(.init5)
 *(.init6)
 *(.init6)
 *(.init7)
 *(.init7)
 *(.init8)
 *(.init8)
 *(.init9)
 .init9         0x000003fe        0x8 c:/program files (x86)/atmel/atmel toolchain/avr8 gcc/native/3.4.1061/avr8-gnu-toolchain/bin/../lib/gcc/avr/4.8.1/../../../../avr/lib/avr5/crtm162.o
 *(.init9)
 *(.text)
 .text          0x00000406        0x4 c:/program files (x86)/atmel/atmel toolchain/avr8 gcc/native/3.4.1061/avr8-gnu-toolchain/bin/../lib/gcc/avr/4.8.1/../../../../avr/lib/avr5/crtm162.o
                0x00000406                __vector_22
                0x00000406                __vector_24
                0x00000406                __vector_12
                0x00000406                __bad_interrupt
                0x00000406                __vector_6
                0x00000406                __vector_23
                0x00000406                __vector_25
                0x00000406                __vector_11
                0x00000406                __vector_13
                0x00000406                __vector_17
                0x00000406                __vector_19
                0x00000406                __vector_7
                0x00000406                __vector_27
                0x00000406                __vector_5
                0x00000406                __vector_4
                0x00000406                __vector_9
                0x00000406                __vector_21
                0x00000406                __vector_15
                0x00000406                __vector_8
                0x00000406                __vector_26
                0x00000406                __vector_14
                0x00000406                __vector_10
                0x00000406                __vector_16
                0x00000406                __vector_18
                0x00000406                __vector_20
                0x0000040a                . = ALIGN (0x2)
 *(.text.*)
 .text.readADC  0x0000040a       0x4c adc.o
                0x0000040a                readADC
 .text.initalize_interrupts
                0x00000456       0x2a button_interrupts.o
                0x00000456                initalize_interrupts
 .text.__vector_1
                0x00000480       0xbc button_interrupts.o
                0x00000480                __vector_1
 .text.__vector_2
                0x0000053c       0x48 button_interrupts.o
                0x0000053c                __vector_2
 .text.CAN_read
                0x00000584        0x6 can.o
                0x00000584                CAN_read
 .text.CAN_transmit_complete
                0x0000058a       0x50 can.o
                0x0000058a                CAN_transmit_complete
 .text.CAN_data_receive
                0x000005da       0xa0 can.o
                0x000005da                CAN_data_receive
 .text.__vector_3
                0x0000067a       0x48 can.o
                0x0000067a                __vector_3
 .text.calibrate_joystick
                0x000006c2       0x8c input_conversion.o
                0x000006c2                calibrate_joystick
 .text.signal_to_range
                0x0000074e      0x16e input_conversion.o
                0x0000074e                signal_to_range
 .text.read_control_input
                0x000008bc      0x158 input_conversion.o
                0x000008bc                read_control_input
 .text.initialize_control_input
                0x00000a14       0xae input_conversion.o
                0x00000a14                initialize_control_input
 .text.initalize
                0x00000ac2       0x92 main_G17.o
                0x00000ac2                initalize
 .text.initialize_timer
                0x00000b54       0x3c main_G17.o
                0x00000b54                initialize_timer
 .text.main     0x00000b90       0x16 main_G17.o
                0x00000b90                main
 .text.MCP2515_read
                0x00000ba6       0x24 MCP2515_driver.o
                0x00000ba6                MCP2515_read
 .text.MCP2515_bit_modify
                0x00000bca       0x34 MCP2515_driver.o
                0x00000bca                MCP2515_bit_modify
 .text.initialize_menu
                0x00000bfe      0x15c menu.o
                0x00000bfe                initialize_menu
 .text.menu_left_button_flag
                0x00000d5a        0x8 menu.o
                0x00000d5a                menu_left_button_flag
 .text.menu_right_button_flag
                0x00000d62        0x8 menu.o
                0x00000d62                menu_right_button_flag
 .text.oled_home
                0x00000d6a       0x56 oled.o
                0x00000d6a                oled_home
 .text.oled_goto_line
                0x00000dc0       0x44 oled.o
                0x00000dc0                oled_goto_line
 .text.oled_clear_line
                0x00000e04       0x28 oled.o
                0x00000e04                oled_clear_line
 .text.oled_reset
                0x00000e2c       0x1c oled.o
                0x00000e2c                oled_reset
 .text.oled_ini
                0x00000e48      0x11a oled.o
                0x00000e48                oled_ini
 .text.sram_write_char
                0x00000f62       0xba oled.o
                0x00000f62                sram_write_char
 .text.sram_write_string
                0x0000101c       0x16 oled.o
                0x0000101c                sram_write_string
 .text.sram_write_int
                0x00001032       0x24 oled.o
                0x00001032                sram_write_int
 .text.sram_init
                0x00001056       0x40 oled.o
                0x00001056                sram_init
 .text.write_screen
                0x00001096       0x66 oled.o
                0x00001096                write_screen
 .text.SPI_send
                0x000010fc        0x8 SPI.o
                0x000010fc                SPI_send
 .text.SPI_read
                0x00001104        0xe SPI.o
                0x00001104                SPI_read
 .text.SPI_select
                0x00001112        0x4 SPI.o
                0x00001112                SPI_select
 .text.SPI_deselect
                0x00001116        0x4 SPI.o
                0x00001116                SPI_deselect
 .text.send_UART
                0x0000111a        0x8 uart.o
                0x0000111a                send_UART
 .text.recieve_UART
                0x00001122        0xa uart.o
                0x00001122                recieve_UART
 .text.init_UART
                0x0000112c       0x16 uart.o
                0x0000112c                init_UART
 .text.avr-libc.fplib
                0x00001142        0xa c:/program files (x86)/atmel/atmel toolchain/avr8 gcc/native/3.4.1061/avr8-gnu-toolchain/bin/../lib/gcc/avr/4.8.1/../../../../avr/lib/avr5\libm.a(addsf3.o)
                0x00001142                __subsf3
                0x00001144                __addsf3
 .text.avr-libc.fplib
                0x0000114c       0xc0 c:/program files (x86)/atmel/atmel toolchain/avr8 gcc/native/3.4.1061/avr8-gnu-toolchain/bin/../lib/gcc/avr/4.8.1/../../../../avr/lib/avr5\libm.a(addsf3x.o)
                0x00001166                __addsf3x
 .text.avr-libc.fplib
                0x0000120c        0x4 c:/program files (x86)/atmel/atmel toolchain/avr8 gcc/native/3.4.1061/avr8-gnu-toolchain/bin/../lib/gcc/avr/4.8.1/../../../../avr/lib/avr5\libm.a(divsf3.o)
                0x0000120c                __divsf3
 .text.avr-libc.fplib
                0x00001210       0xcc c:/program files (x86)/atmel/atmel toolchain/avr8 gcc/native/3.4.1061/avr8-gnu-toolchain/bin/../lib/gcc/avr/4.8.1/../../../../avr/lib/avr5\libm.a(divsf3x.o)
                0x00001226                __divsf3x
                0x0000122a                __divsf3_pse
 .text.avr-libc.fplib
                0x000012dc        0xa c:/program files (x86)/atmel/atmel toolchain/avr8 gcc/native/3.4.1061/avr8-gnu-toolchain/bin/../lib/gcc/avr/4.8.1/../../../../avr/lib/avr5\libm.a(fixsfsi.o)
                0x000012dc                __fixsfsi
 .text.avr-libc.fplib
                0x000012e6       0x58 c:/program files (x86)/atmel/atmel toolchain/avr8 gcc/native/3.4.1061/avr8-gnu-toolchain/bin/../lib/gcc/avr/4.8.1/../../../../avr/lib/avr5\libm.a(fixunssfsi.o)
                0x000012e6                __fixunssfsi
 .text.avr-libc.fplib
                0x0000133e       0x7a c:/program files (x86)/atmel/atmel toolchain/avr8 gcc/native/3.4.1061/avr8-gnu-toolchain/bin/../lib/gcc/avr/4.8.1/../../../../avr/lib/avr5\libm.a(floatsisf.o)
                0x0000133e                __floatunsisf
                0x00001342                __floatsisf
 .text.avr-libc.fplib
                0x000013b8        0xc c:/program files (x86)/atmel/atmel toolchain/avr8 gcc/native/3.4.1061/avr8-gnu-toolchain/bin/../lib/gcc/avr/4.8.1/../../../../avr/lib/avr5\libm.a(fp_inf.o)
                0x000013b8                __fp_inf
 .text.avr-libc.fplib
                0x000013c4        0x6 c:/program files (x86)/atmel/atmel toolchain/avr8 gcc/native/3.4.1061/avr8-gnu-toolchain/bin/../lib/gcc/avr/4.8.1/../../../../avr/lib/avr5\libm.a(fp_nan.o)
                0x000013c4                __fp_nan
 .text.avr-libc.fplib
                0x000013ca        0xe c:/program files (x86)/atmel/atmel toolchain/avr8 gcc/native/3.4.1061/avr8-gnu-toolchain/bin/../lib/gcc/avr/4.8.1/../../../../avr/lib/avr5\libm.a(fp_pscA.o)
                0x000013ca                __fp_pscA
 .text.avr-libc.fplib
                0x000013d8        0xe c:/program files (x86)/atmel/atmel toolchain/avr8 gcc/native/3.4.1061/avr8-gnu-toolchain/bin/../lib/gcc/avr/4.8.1/../../../../avr/lib/avr5\libm.a(fp_pscB.o)
                0x000013d8                __fp_pscB
 .text.avr-libc.fplib
                0x000013e6       0x22 c:/program files (x86)/atmel/atmel toolchain/avr8 gcc/native/3.4.1061/avr8-gnu-toolchain/bin/../lib/gcc/avr/4.8.1/../../../../avr/lib/avr5\libm.a(fp_round.o)
                0x000013e6                __fp_round
 .text.avr-libc.fplib
                0x00001408       0x44 c:/program files (x86)/atmel/atmel toolchain/avr8 gcc/native/3.4.1061/avr8-gnu-toolchain/bin/../lib/gcc/avr/4.8.1/../../../../avr/lib/avr5\libm.a(fp_split3.o)
                0x00001408                __fp_split3
                0x00001418                __fp_splitA
 .text.avr-libc.fplib
                0x0000144c        0xe c:/program files (x86)/atmel/atmel toolchain/avr8 gcc/native/3.4.1061/avr8-gnu-toolchain/bin/../lib/gcc/avr/4.8.1/../../../../avr/lib/avr5\libm.a(fp_zero.o)
                0x0000144c                __fp_zero
                0x0000144e                __fp_szero
 .text.avr-libc.fplib
                0x0000145a        0x4 c:/program files (x86)/atmel/atmel toolchain/avr8 gcc/native/3.4.1061/avr8-gnu-toolchain/bin/../lib/gcc/avr/4.8.1/../../../../avr/lib/avr5\libm.a(mulsf3.o)
                0x0000145a                __mulsf3
 .text.avr-libc.fplib
                0x0000145e       0xc2 c:/program files (x86)/atmel/atmel toolchain/avr8 gcc/native/3.4.1061/avr8-gnu-toolchain/bin/../lib/gcc/avr/4.8.1/../../../../avr/lib/avr5\libm.a(mulsf3x.o)
                0x00001472                __mulsf3x
                0x00001476                __mulsf3_pse
 .text.libgcc.div
                0x00001520       0x28 c:/program files (x86)/atmel/atmel toolchain/avr8 gcc/native/3.4.1061/avr8-gnu-toolchain/bin/../lib/gcc/avr/4.8.1/avr5\libgcc.a(_divmodhi4.o)
                0x00001520                _div
                0x00001520                __divmodhi4
 .text.libgcc.div
                0x00001548       0x2e c:/program files (x86)/atmel/atmel toolchain/avr8 gcc/native/3.4.1061/avr8-gnu-toolchain/bin/../lib/gcc/avr/4.8.1/avr5\libgcc.a(_divmodsi4.o)
                0x00001548                __divmodsi4
 .text.libgcc.div
                0x00001576       0x10 c:/program files (x86)/atmel/atmel toolchain/avr8 gcc/native/3.4.1061/avr8-gnu-toolchain/bin/../lib/gcc/avr/4.8.1/avr5\libgcc.a(_negsi2.o)
                0x00001576                __negsi2
 .text.libgcc.div
                0x00001586       0x28 c:/program files (x86)/atmel/atmel toolchain/avr8 gcc/native/3.4.1061/avr8-gnu-toolchain/bin/../lib/gcc/avr/4.8.1/avr5\libgcc.a(_udivmodhi4.o)
                0x00001586                __udivmodhi4
 .text.libgcc.div
                0x000015ae       0x44 c:/program files (x86)/atmel/atmel toolchain/avr8 gcc/native/3.4.1061/avr8-gnu-toolchain/bin/../lib/gcc/avr/4.8.1/avr5\libgcc.a(_udivmodsi4.o)
                0x000015ae                __udivmodsi4
 .text.avr-libc
                0x000015f2       0x96 c:/program files (x86)/atmel/atmel toolchain/avr8 gcc/native/3.4.1061/avr8-gnu-toolchain/bin/../lib/gcc/avr/4.8.1/../../../../avr/lib/avr5\libc.a(fdevopen.o)
                0x000015f2                fdevopen
 .text.avr-libc
                0x00001688       0x28 c:/program files (x86)/atmel/atmel toolchain/avr8 gcc/native/3.4.1061/avr8-gnu-toolchain/bin/../lib/gcc/avr/4.8.1/../../../../avr/lib/avr5\libc.a(printf.o)
                0x00001688                printf
 .text.avr-libc
                0x000016b0       0x5a c:/program files (x86)/atmel/atmel toolchain/avr8 gcc/native/3.4.1061/avr8-gnu-toolchain/bin/../lib/gcc/avr/4.8.1/../../../../avr/lib/avr5\libc.a(puts.o)
                0x000016b0                puts
 .text.avr-libc
                0x0000170a      0x3a4 c:/program files (x86)/atmel/atmel toolchain/avr8 gcc/native/3.4.1061/avr8-gnu-toolchain/bin/../lib/gcc/avr/4.8.1/../../../../avr/lib/avr5\libc.a(vfprintf_std.o)
                0x0000170a                vfprintf
 .text.avr-libc
                0x00001aae       0x38 c:/program files (x86)/atmel/atmel toolchain/avr8 gcc/native/3.4.1061/avr8-gnu-toolchain/bin/../lib/gcc/avr/4.8.1/../../../../avr/lib/avr5\libc.a(calloc.o)
                0x00001aae                calloc
 .text.avr-libc
                0x00001ae6      0x24e c:/program files (x86)/atmel/atmel toolchain/avr8 gcc/native/3.4.1061/avr8-gnu-toolchain/bin/../lib/gcc/avr/4.8.1/../../../../avr/lib/avr5\libc.a(malloc.o)
                0x00001ae6                malloc
                0x00001c16                free
 .text.avr-libc
                0x00001d34       0x16 c:/program files (x86)/atmel/atmel toolchain/avr8 gcc/native/3.4.1061/avr8-gnu-toolchain/bin/../lib/gcc/avr/4.8.1/../../../../avr/lib/avr5\libc.a(strnlen_P.o)
                0x00001d34                strnlen_P
 .text.avr-libc
                0x00001d4a        0xe c:/program files (x86)/atmel/atmel toolchain/avr8 gcc/native/3.4.1061/avr8-gnu-toolchain/bin/../lib/gcc/avr/4.8.1/../../../../avr/lib/avr5\libc.a(memset.o)
                0x00001d4a                memset
 .text.avr-libc
                0x00001d58       0x16 c:/program files (x86)/atmel/atmel toolchain/avr8 gcc/native/3.4.1061/avr8-gnu-toolchain/bin/../lib/gcc/avr/4.8.1/../../../../avr/lib/avr5\libc.a(strnlen.o)
                0x00001d58                strnlen
 .text.avr-libc
                0x00001d6e       0x64 c:/program files (x86)/atmel/atmel toolchain/avr8 gcc/native/3.4.1061/avr8-gnu-toolchain/bin/../lib/gcc/avr/4.8.1/../../../../avr/lib/avr5\libc.a(fputc.o)
                0x00001d6e                fputc
 .text.avr-libc
                0x00001dd2       0xbc c:/program files (x86)/atmel/atmel toolchain/avr8 gcc/native/3.4.1061/avr8-gnu-toolchain/bin/../lib/gcc/avr/4.8.1/../../../../avr/lib/avr5\libc.a(ultoa_invert.o)
                0x00001dd2                __ultoa_invert
 .text.libgcc.prologue
                0x00001e8e       0x38 c:/program files (x86)/atmel/atmel toolchain/avr8 gcc/native/3.4.1061/avr8-gnu-toolchain/bin/../lib/gcc/avr/4.8.1/avr5\libgcc.a(_prologue.o)
                0x00001e8e                __prologue_saves__
 .text.libgcc.prologue
                0x00001ec6       0x36 c:/program files (x86)/atmel/atmel toolchain/avr8 gcc/native/3.4.1061/avr8-gnu-toolchain/bin/../lib/gcc/avr/4.8.1/avr5\libgcc.a(_epilogue.o)
                0x00001ec6                __epilogue_restores__
                0x00001efc                . = ALIGN (0x2)
 *(.fini9)
 .fini9         0x00001efc        0x0 c:/program files (x86)/atmel/atmel toolchain/avr8 gcc/native/3.4.1061/avr8-gnu-toolchain/bin/../lib/gcc/avr/4.8.1/avr5\libgcc.a(_exit.o)
                0x00001efc                _exit
                0x00001efc                exit
 *(.fini9)
 *(.fini8)
 *(.fini8)
 *(.fini7)
 *(.fini7)
 *(.fini6)
 *(.fini6)
 *(.fini5)
 *(.fini5)
 *(.fini4)
 *(.fini4)
 *(.fini3)
 *(.fini3)
 *(.fini2)
 *(.fini2)
 *(.fini1)
 *(.fini1)
 *(.fini0)
 .fini0         0x00001efc        0x4 c:/program files (x86)/atmel/atmel toolchain/avr8 gcc/native/3.4.1061/avr8-gnu-toolchain/bin/../lib/gcc/avr/4.8.1/avr5\libgcc.a(_exit.o)
 *(.fini0)
                0x00001f00                _etext = .

.data           0x00800100      0x2a2 load address 0x00001f00
                0x00800100                PROVIDE (__data_start, .)
 *(.data)
 .data          0x00800100        0x6 c:/program files (x86)/atmel/atmel toolchain/avr8 gcc/native/3.4.1061/avr8-gnu-toolchain/bin/../lib/gcc/avr/4.8.1/../../../../avr/lib/avr5\libc.a(malloc.o)
                0x00800100                __malloc_heap_end
                0x00800102                __malloc_heap_start
                0x00800104                __malloc_margin
 *(.data*)
 .data.ext_ram  0x00800106        0x2 oled.o
                0x00800106                ext_ram
 .data.oled_data
                0x00800108        0x2 oled.o
                0x00800108                oled_data
 .data.oled_cmd
                0x0080010a        0x2 oled.o
                0x0080010a                oled_cmd
 *(.rodata)
 *(.rodata*)
 .rodata.str1.1
                0x0080010c       0x42 button_interrupts.o
 .rodata.str1.1
                0x0080014e        0x3 can.o
 .rodata.str1.1
                0x00800151       0x52 input_conversion.o
 .rodata.str1.1
                0x008001a3      0x1ff main_G17.o
 *(.gnu.linkonce.d*)
                0x008003a2                . = ALIGN (0x2)
                0x008003a2                _edata = .
                0x008003a2                PROVIDE (__data_end, .)

.bss            0x008003a2       0x83
                0x008003a2                PROVIDE (__bss_start, .)
 *(.bss)
 *(.bss*)
 .bss.CAN_receive_buffer
                0x008003a2        0xb can.o
 .bss.ref_R     0x008003ad        0x2 input_conversion.o
                0x008003ad                ref_R
 .bss.ref_L     0x008003af        0x2 input_conversion.o
                0x008003af                ref_L
 .bss.ref_Y     0x008003b1        0x2 input_conversion.o
                0x008003b1                ref_Y
 .bss.ref_X     0x008003b3        0x2 input_conversion.o
                0x008003b3                ref_X
 .bss.calibrate_y
                0x008003b5        0x2 input_conversion.o
                0x008003b5                calibrate_y
 .bss.calibrate_x
                0x008003b7        0x2 input_conversion.o
                0x008003b7                calibrate_x
 .bss.left_button_flag
                0x008003b9        0x1 menu.o
                0x008003b9                left_button_flag
 .bss.right_button_flag
                0x008003ba        0x1 menu.o
                0x008003ba                right_button_flag
 .bss.edited    0x008003bb        0x1 oled.o
                0x008003bb                edited
 .bss.col_sram  0x008003bc        0x2 oled.o
                0x008003bc                col_sram
 .bss.page_sram
                0x008003be        0x2 oled.o
                0x008003be                page_sram
 *(COMMON)
 COMMON         0x008003c0        0x1 main_G17.o
                0x008003c0                FLAG_refresh_screen
 COMMON         0x008003c1       0x5a menu.o
                0x008003c1                current_head
                0x008003c3                current_selected
                0x008003c5                mainmenu_2
                0x008003cf                temp
                0x008003df                option_0
                0x008003e9                option_1
                0x008003f3                mainmenu_0
                0x008003fd                debug_0
                0x00800407                debug_1
                0x00800411                mainmenu_1
 COMMON         0x0080041b        0x6 c:/program files (x86)/atmel/atmel toolchain/avr8 gcc/native/3.4.1061/avr8-gnu-toolchain/bin/../lib/gcc/avr/4.8.1/../../../../avr/lib/avr5\libc.a(iob.o)
                0x0080041b                __iob
 COMMON         0x00800421        0x4 c:/program files (x86)/atmel/atmel toolchain/avr8 gcc/native/3.4.1061/avr8-gnu-toolchain/bin/../lib/gcc/avr/4.8.1/../../../../avr/lib/avr5\libc.a(malloc.o)
                0x00800421                __brkval
                0x00800423                __flp
                0x00800425                PROVIDE (__bss_end, .)
                0x00001f00                __data_load_start = LOADADDR (.data)
                0x000021a2                __data_load_end = (__data_load_start + SIZEOF (.data))

.noinit         0x00800425        0x0
                0x00800425                PROVIDE (__noinit_start, .)
 *(.noinit*)
                0x00800425                PROVIDE (__noinit_end, .)
                0x00800425                _end = .
                0x00800425                PROVIDE (__heap_start, .)

.eeprom         0x00810000        0x0
 *(.eeprom*)
                0x00810000                __eeprom_end = .

.fuse
 *(.fuse)
 *(.lfuse)
 *(.hfuse)
 *(.efuse)

.lock
 *(.lock*)

.signature
 *(.signature*)

.user_signatures
 *(.user_signatures*)

.stab
 *(.stab)

.stabstr
 *(.stabstr)

.stab.excl
 *(.stab.excl)

.stab.exclstr
 *(.stab.exclstr)

.stab.index
 *(.stab.index)

.stab.indexstr
 *(.stab.indexstr)

.comment        0x00000000       0x5c
 *(.comment)
 .comment       0x00000000       0x30 adc.o
                                 0x31 (size before relaxing)
 .comment       0x00000000       0x31 button_interrupts.o
 .comment       0x00000000       0x31 can.o
 .comment       0x00000000       0x31 input_conversion.o
 .comment       0x00000000       0x31 main_G17.o
 .comment       0x00000000       0x31 MCP2515_driver.o
 .comment       0x00000000       0x31 menu.o
 .comment       0x00000000       0x31 oled.o
 .comment       0x00000000       0x31 SPI.o
 .comment       0x00000000       0x31 uart.o
 .comment       0x00000000       0x31 c:/program files (x86)/atmel/atmel toolchain/avr8 gcc/native/3.4.1061/avr8-gnu-toolchain/bin/../lib/gcc/avr/4.8.1/../../../../avr/lib/avr5\libc.a(fdevopen.o)
 .comment       0x00000000       0x31 c:/program files (x86)/atmel/atmel toolchain/avr8 gcc/native/3.4.1061/avr8-gnu-toolchain/bin/../lib/gcc/avr/4.8.1/../../../../avr/lib/avr5\libc.a(iob.o)
 .comment       0x00000000       0x31 c:/program files (x86)/atmel/atmel toolchain/avr8 gcc/native/3.4.1061/avr8-gnu-toolchain/bin/../lib/gcc/avr/4.8.1/../../../../avr/lib/avr5\libc.a(printf.o)
 .comment       0x00000000       0x31 c:/program files (x86)/atmel/atmel toolchain/avr8 gcc/native/3.4.1061/avr8-gnu-toolchain/bin/../lib/gcc/avr/4.8.1/../../../../avr/lib/avr5\libc.a(puts.o)
 .comment       0x00000030       0x2c c:/program files (x86)/atmel/atmel toolchain/avr8 gcc/native/3.4.1061/avr8-gnu-toolchain/bin/../lib/gcc/avr/4.8.1/../../../../avr/lib/avr5\libc.a(vfprintf_std.o)
                                 0x2d (size before relaxing)
 .comment       0x00000000       0x31 c:/program files (x86)/atmel/atmel toolchain/avr8 gcc/native/3.4.1061/avr8-gnu-toolchain/bin/../lib/gcc/avr/4.8.1/../../../../avr/lib/avr5\libc.a(calloc.o)
 .comment       0x00000000       0x31 c:/program files (x86)/atmel/atmel toolchain/avr8 gcc/native/3.4.1061/avr8-gnu-toolchain/bin/../lib/gcc/avr/4.8.1/../../../../avr/lib/avr5\libc.a(malloc.o)
 .comment       0x00000000       0x31 c:/program files (x86)/atmel/atmel toolchain/avr8 gcc/native/3.4.1061/avr8-gnu-toolchain/bin/../lib/gcc/avr/4.8.1/../../../../avr/lib/avr5\libc.a(fputc.o)

.note.gnu.build-id
 *(.note.gnu.build-id)

.debug
 *(.debug)

.line
 *(.line)

.debug_srcinfo
 *(.debug_srcinfo)

.debug_sfnames
 *(.debug_sfnames)

.debug_aranges  0x00000000      0x350
 *(.debug_aranges)
 .debug_aranges
                0x00000000       0x20 adc.o
 .debug_aranges
                0x00000020       0x30 button_interrupts.o
 .debug_aranges
                0x00000050       0x60 can.o
 .debug_aranges
                0x000000b0       0x38 input_conversion.o
 .debug_aranges
                0x000000e8       0x40 main_G17.o
 .debug_aranges
                0x00000128       0x58 MCP2515_driver.o
 .debug_aranges
                0x00000180       0x60 menu.o
 .debug_aranges
                0x000001e0       0xf8 oled.o
 .debug_aranges
                0x000002d8       0x40 SPI.o
 .debug_aranges
                0x00000318       0x38 uart.o

.debug_pubnames
 *(.debug_pubnames)

.debug_info     0x00000000     0x3bdc
 *(.debug_info .gnu.linkonce.wi.*)
 .debug_info    0x00000000      0x12f adc.o
 .debug_info    0x0000012f      0x185 button_interrupts.o
 .debug_info    0x000002b4      0x4c3 can.o
 .debug_info    0x00000777      0x44f input_conversion.o
 .debug_info    0x00000bc6      0x961 main_G17.o
 .debug_info    0x00001527      0x46d MCP2515_driver.o
 .debug_info    0x00001994      0xea5 menu.o
 .debug_info    0x00002839     0x1022 oled.o
 .debug_info    0x0000385b      0x116 SPI.o
 .debug_info    0x00003971      0x26b uart.o

.debug_abbrev   0x00000000     0x1040
 *(.debug_abbrev)
 .debug_abbrev  0x00000000       0xe9 adc.o
 .debug_abbrev  0x000000e9       0xe6 button_interrupts.o
 .debug_abbrev  0x000001cf      0x213 can.o
 .debug_abbrev  0x000003e2      0x13f input_conversion.o
 .debug_abbrev  0x00000521      0x253 main_G17.o
 .debug_abbrev  0x00000774      0x15a MCP2515_driver.o
 .debug_abbrev  0x000008ce      0x25e menu.o
 .debug_abbrev  0x00000b2c      0x2c0 oled.o
 .debug_abbrev  0x00000dec       0xd0 SPI.o
 .debug_abbrev  0x00000ebc      0x184 uart.o

.debug_line     0x00000000     0x11aa
 *(.debug_line .debug_line.* .debug_line_end)
 .debug_line    0x00000000      0x130 adc.o
 .debug_line    0x00000130      0x10c button_interrupts.o
 .debug_line    0x0000023c      0x1a1 can.o
 .debug_line    0x000003dd      0x12f input_conversion.o
 .debug_line    0x0000050c      0x221 main_G17.o
 .debug_line    0x0000072d      0x16a MCP2515_driver.o
 .debug_line    0x00000897      0x331 menu.o
 .debug_line    0x00000bc8      0x3e3 oled.o
 .debug_line    0x00000fab       0xfb SPI.o
 .debug_line    0x000010a6      0x104 uart.o

.debug_frame    0x00000000      0xab4
 *(.debug_frame)
 .debug_frame   0x00000000       0x24 adc.o
 .debug_frame   0x00000024      0x118 button_interrupts.o
 .debug_frame   0x0000013c      0x140 can.o
 .debug_frame   0x0000027c      0x124 input_conversion.o
 .debug_frame   0x000003a0       0xf4 main_G17.o
 .debug_frame   0x00000494       0xf4 MCP2515_driver.o
 .debug_frame   0x00000588       0xec menu.o
 .debug_frame   0x00000674      0x380 oled.o
 .debug_frame   0x000009f4       0x64 SPI.o
 .debug_frame   0x00000a58       0x5c uart.o

.debug_str      0x00000000      0xcfd
 *(.debug_str)
 .debug_str     0x00000000      0x1a9 adc.o
                                0x1e2 (size before relaxing)
 .debug_str     0x000001a9      0x106 button_interrupts.o
                                0x206 (size before relaxing)
 .debug_str     0x000002af      0x1a7 can.o
                                0x2bb (size before relaxing)
 .debug_str     0x00000456       0xc1 input_conversion.o
                                0x27a (size before relaxing)
 .debug_str     0x00000517      0x160 main_G17.o
                                0x35f (size before relaxing)
 .debug_str     0x00000677       0xbd MCP2515_driver.o
                                0x28d (size before relaxing)
 .debug_str     0x00000734      0x33c menu.o
                                0x5c2 (size before relaxing)
 .debug_str     0x00000a70      0x150 oled.o
                                0x3e3 (size before relaxing)
 .debug_str     0x00000bc0       0x7a SPI.o
                                0x1c0 (size before relaxing)
 .debug_str     0x00000c3a       0xc3 uart.o
                                0x1fa (size before relaxing)

.debug_loc      0x00000000     0x295e
 *(.debug_loc)
 .debug_loc     0x00000000       0xe3 adc.o
 .debug_loc     0x000000e3      0x28d button_interrupts.o
 .debug_loc     0x00000370      0x3ad can.o
 .debug_loc     0x0000071d      0x55e input_conversion.o
 .debug_loc     0x00000c7b      0x298 main_G17.o
 .debug_loc     0x00000f13      0x340 MCP2515_driver.o
 .debug_loc     0x00001253      0x2ff menu.o
 .debug_loc     0x00001552     0x13a6 oled.o
 .debug_loc     0x000028f8       0x66 uart.o

.debug_macinfo
 *(.debug_macinfo)

.debug_weaknames
 *(.debug_weaknames)

.debug_funcnames
 *(.debug_funcnames)

.debug_typenames
 *(.debug_typenames)

.debug_varnames
 *(.debug_varnames)

.debug_pubtypes
 *(.debug_pubtypes)

.debug_ranges   0x00000000      0x328
 *(.debug_ranges)
 .debug_ranges  0x00000000       0x10 adc.o
 .debug_ranges  0x00000010       0x20 button_interrupts.o
 .debug_ranges  0x00000030       0x50 can.o
 .debug_ranges  0x00000080       0x28 input_conversion.o
 .debug_ranges  0x000000a8       0x60 main_G17.o
 .debug_ranges  0x00000108       0x48 MCP2515_driver.o
 .debug_ranges  0x00000150       0x50 menu.o
 .debug_ranges  0x000001a0      0x130 oled.o
 .debug_ranges  0x000002d0       0x30 SPI.o
 .debug_ranges  0x00000300       0x28 uart.o

.debug_macro
 *(.debug_macro)
OUTPUT(Oving1_TTK4155_G17_H17.elf elf32-avr)
LOAD linker stubs
